[backblue.gif]
[fade.gif]
[index.html]
[motostar.az/wp-content/themes/motostore/assets/js/jquery-3.7.068b3.js]
[motostar.az/wp-content/themes/motostore/assets/js/plugins/fancybox.min68b3.js]
[motostar.az/wp-content/themes/motostore/assets/js/plugins/swiper-bundle.min68b3.js]
[motostar.az/wp-content/themes/motostore/assets/js/adminbar68b3.js]
[motostar.az/wp-content/themes/motostore/assets/js/project68b3.js]
[motostar.az/wp-content/uploads/2025/05/cropped-M-32x32.png]
[motostar.az/wp-content/uploads/2025/05/cropped-M-192x192.png]
[motostar.az/wp-content/uploads/2025/05/cropped-M-180x180.png]
[motostar.az/wp-content/themes/motostore/assets/images/loader_3.gif]
[motostar.az/wp-content/uploads/2025/05/ms6.png]
[motostar.az/wp-content/uploads/2024/04/JET49-2-1000x1000.jpg]
[motostar.az/wp-content/uploads/2024/04/JET49-1-1000x1000.jpg]
[motostar.az/wp-content/uploads/2024/04/8-1000x1000.jpg]
[motostar.az/wp-content/uploads/2024/04/3-1-1000x1000.jpg]
[motostar.az/wp-content/uploads/2024/04/2-1-1000x1000.jpg]
[motostar.az/wp-content/uploads/2024/04/5-1-1000x1000.jpg]
[motostar.az/wp-content/uploads/2024/04/13-1000x1000.jpg]
[motostar.az/wp-content/uploads/2024/04/73-1000x1000.jpg]
[motostar.az/wp-content/uploads/2024/04/JET49-2-500x500.jpg]
[motostar.az/wp-content/uploads/2024/04/JET49-1-500x500.jpg]
[motostar.az/wp-content/uploads/2024/04/8-500x500.jpg]
[motostar.az/wp-content/uploads/2024/04/3-1-500x500.jpg]
[motostar.az/wp-content/uploads/2024/04/2-1-500x500.jpg]
[motostar.az/wp-content/uploads/2024/04/5-1-500x500.jpg]
[motostar.az/wp-content/uploads/2024/04/13-500x500.jpg]
[motostar.az/wp-content/uploads/2024/04/73-500x500.jpg]
[motostar.az/wp-content/uploads/2024/04/JET49-2-1000x870.jpg]
[motostar.az/wp-content/themes/motostore/assets/images/colours.jpg]
[motostar.az/wp-content/uploads/2025/05/INDISONRA-ICON.png]
[motostar.az/wp-content/uploads/2024/04/Screenshot-2024-04-17-at-15.52.57.png]
[motostar.az/wp-content/uploads/2024/04/license.png]
[motostar.az/wp-content/uploads/2024/04/warranty.png]
[motostar.az/wp-content/themes/motostore/js/navigation8a54.js]
[motostar.az/products/freedom-jet-49/index.html]
[motostar.az/wp-includes/css/dist/block-library/style.min6c2d.css]
[motostar.az/wp-content/themes/motostore/style8a54.css]
[motostar.az/wp-content/themes/motostore/assets/css/fonts6c2d.css]
[motostar.az/wp-content/themes/motostore/assets/css/plugins/swiper-bundle.min6c2d.css]
[motostar.az/wp-content/themes/motostore/assets/css/plugins/fancybox.min6c2d.css]
[motostar.az/wp-content/themes/motostore/assets/custom-css/main8a54.css]
[motostar.az/wp-content/themes/motostore/assets/custom-css/mixin2ae0.css]
